Microchip MPLAB XC8 Compiler V2.05 ()

Linker command line:

-W-3 --edf=C:\Program Files (x86)\Microchip\xc8\v2.05\pic\dat\en_msgs.txt \
  -cs -h+dist/default/production\LunOS_v1.X.production.sym \
  --cmf=dist/default/production\LunOS_v1.X.production.cmf -z -Q18F4520 \
  -oC:\Users\ALECSA~1\AppData\Local\Temp\s7so.2 --defsym=__MPLAB_BUILD=1 \
  -Mdist/default/production/LunOS_v1.X.production.map -E1 -ver=XC8 \
  --acfsm=1493 -ASTACK=04FAh-05FFh -pstack=STACK -ACODE=00h-07FFFh \
  -ACONST=00h-07FFFh -ASMALLCONST=0600h-06FFhx122 \
  -AMEDIUMCONST=0600h-07FFFh -ACOMRAM=01h-07Fh -AABS1=00h-05FFh \
  -ABIGRAM=01h-05FFh -ARAM=080h-0FFh,0100h-01FFhx5 -ABANK0=080h-0FFh \
  -ABANK1=0100h-01FFh -ABANK2=0200h-02FFh -ABANK3=0300h-03FFh \
  -ABANK4=0400h-04FFh -ABANK5=0500h-05FFh -ASFR=0F80h-0FFFh \
  -preset_vec=00h,intcode=08h,intcodelo,powerup,init -pramtop=0600h \
  -psmallconst=SMALLCONST -pmediumconst=MEDIUMCONST -pconst=CONST \
  -AFARRAM=00h-00h -ACONFIG=0300000h-030000Dh -pconfig=CONFIG \
  -AIDLOC=0200000h-0200007h -pidloc=IDLOC -AEEDATA=0F00000h-0F000FFh \
  -peeprom_data=EEDATA \
  -prdata=COMRAM,nvrram=COMRAM,nvbit=COMRAM,rbss=COMRAM,rbit=COMRAM \
  -pfarbss=FARRAM,fardata=FARRAM,nvFARRAM=FARRAM \
  -pintsave_regs=BIGRAM,bigbss=BIGRAM,bigdata=BIGRAM -pbss=RAM \
  -pidata=CODE,irdata=CODE,ibigdata=CODE,ifardata=CODE -prparam=COMRAM \
  C:\Users\ALECSA~1\AppData\Local\Temp\s7so.o \
  dist/default/production\LunOS_v1.X.production.o 

Object code version is 3.11

Machine type is 18F4520

Call graph: (short form)




                Name                               Link     Load   Length Selector   Space Scale
C:\Users\ALECSA~1\AppData\Local\Temp\s7so.o
                stack                               4FA      4FA      106      4FA       2
                init                                  C        C        8        4       0
                reset_vec                             0        0        4        0       0
                idloc                            200000   200000        8   200000       0
                config                           300000   300000        E   300000       0
dist/default/production\LunOS_v1.X.production.o
                intcode                               8        8        4        4       0
                temp                                 47       47       20        1       1
                text25                             11F0     11F0       96        4       0
                text24                             13AA     13AA       8C        4       0
                text23                             14C0     14C0       78        4       0
                text22                              BC0      BC0      110        4       0
                text21                             1436     1436       8A        4       0
                text20                             172A     172A       30        4       0
                intcode_body                         14       14      720        4       0
                text18                              CD0      CD0       FE        4       0
                text17                              EC6      EC6       D4        4       0
                text16                             15A8     15A8       6E        4       0
                text15                             1286     1286       94        4       0
                text14                             1616     1616       52        4       0
                text13                             175A     175A       20        4       0
                text12                             17A6     17A6        4        4       0
                text11                             177A     177A       14        4       0
                text10                             178E     178E       12        4       0
                text9                              1134     1134       BC        4       0
                text8                              131A     131A       90        4       0
                text7                              17A0     17A0        6        4       0
                text6                               734      734      48C        4       0
                text5                               F9A      F9A       CE        4       0
                text4                               DCE      DCE       F8        4       0
                text3                              16F8     16F8       32        4       0
                text2                              1538     1538       70        4       0
                text1                              1068     1068       CC        4       0
                text0                              16B6     16B6       42        4       0
                cstackCOMRAM                         67       67       12        1       1
                bssBIGRAM                            DA       DA      420       DA       1
                bssBANK0                             80       80       5A       80       1
                dataCOMRAM                           79       79        2        1       1
                bssCOMRAM                             1        1       46        1       1
                cinit                              1668     1668       4E        4       0
                idataCOMRAM                        17AA     17AA        2        4       0

TOTAL           Name                               Link     Load   Length     Space
        CLASS   STACK          
                stack                               4FA      4FA      106         2

        CLASS   CODE           
                intcode                               8        8        4         0
                init                                  C        C        8         0
                reset_vec                             0        0        4         0
                text25                             11F0     11F0       96         0
                text24                             13AA     13AA       8C         0
                text23                             14C0     14C0       78         0
                text22                              BC0      BC0      110         0
                text21                             1436     1436       8A         0
                text20                             172A     172A       30         0
                intcode_body                         14       14      720         0
                text18                              CD0      CD0       FE         0
                text17                              EC6      EC6       D4         0
                text16                             15A8     15A8       6E         0
                text15                             1286     1286       94         0
                text14                             1616     1616       52         0
                text13                             175A     175A       20         0
                text12                             17A6     17A6        4         0
                text11                             177A     177A       14         0
                text10                             178E     178E       12         0
                text9                              1134     1134       BC         0
                text8                              131A     131A       90         0
                text7                              17A0     17A0        6         0
                text6                               734      734      48C         0
                text5                               F9A      F9A       CE         0
                text4                               DCE      DCE       F8         0
                text3                              16F8     16F8       32         0
                text2                              1538     1538       70         0
                text1                              1068     1068       CC         0
                text0                              16B6     16B6       42         0
                cinit                              1668     1668       4E         0
                idataCOMRAM                        17AA     17AA        2         0

        CLASS   CONST          

        CLASS   SMALLCONST     

        CLASS   MEDIUMCONST    

        CLASS   COMRAM         
                temp                                 47       47       20         1
                cstackCOMRAM                         67       67       12         1
                dataCOMRAM                           79       79        2         1
                bssCOMRAM                             1        1       46         1

        CLASS   ABS1           

        CLASS   BIGRAM         
                bssBIGRAM                            DA       DA      420         1

        CLASS   RAM            

        CLASS   BANK0          
                bssBANK0                             80       80       5A         1

        CLASS   BANK1          

        CLASS   BANK2          

        CLASS   BANK3          

        CLASS   BANK4          

        CLASS   BANK5          

        CLASS   SFR            

        CLASS   FARRAM         

        CLASS   CONFIG         
                config                           300000   300000        E         0

        CLASS   IDLOC          
                idloc                            200000   200000        8         0

        CLASS   EEDATA         



SEGMENTS        Name                           Load    Length   Top    Selector   Space  Class

                reset_vec                      000000  000004  000004         0       0  CODE    
                bssCOMRAM                      000001  00007A  00007B         1       1  COMRAM  
                intcode                        000008  0017A4  0017AC         4       0  CODE    
                bssBANK0                       000080  00005A  0000DA        80       1  BANK0   
                bssBIGRAM                      0000DA  000420  0004FA        DA       1  BIGRAM  
                stack                          0004FA  000106  000600       4FA       2  STACK   
                idloc                          200000  000008  200008    200000       0  IDLOC   
                config                         300000  00000E  30000E    300000       0  CONFIG  


UNUSED ADDRESS RANGES

        Name                Unused          Largest block    Delta
        BANK4            0004FA-0004FF                6
        BANK5            000500-0005FF              100
        BIGRAM           00007B-00007F                5
                         0004FA-0005FF              106
        CODE             000004-000007                4
                         0017AC-007FFF             6854
        COMRAM           00007B-00007F                5
        CONST            000004-000007                4
                         0017AC-007FFF             6854
        EEDATA           F00000-F000FF              100
        MEDIUMCONST      0017AC-007FFF             6854
        RAM              0004FA-0005FF                6
        SFR              000F80-000FFF               80
        SMALLCONST       0017AC-007FFF              100

                                  Symbol Table

_BSR                       (abs)        000FE0
_INTCON2bits               (abs)        000FF1
_INTCONbits                (abs)        000FF2
_ISR_timer0                intcode      000008
_PORTBbits                 (abs)        000F81
_PORTC                     (abs)        000F82
_PORTCbits                 (abs)        000F82
_PORTDbits                 (abs)        000F83
_SRAMInitHeap              text5        000F9A
_STATUS                    (abs)        000FD8
_STKPTR                    (abs)        000FFC
_T0CONbits                 (abs)        000FD5
_TMR0L                     (abs)        000FD6
_TOS                       (abs)        000FFD
_TOSH                      (abs)        000FFE
_TOSL                      (abs)        000FFD
_TOSU                      (abs)        000FFF
_TRISB                     (abs)        000F93
_TRISC                     (abs)        000F94
_TRISD                     (abs)        000F95
_TRISDbits                 (abs)        000F95
_WREG                      (abs)        000FE8
__CFG_PBADEN$OFF           (abs)        000000
__CFG_WDT$OFF              (abs)        000000
__HRAM                     (abs)        000000
__Habs1                    abs1         000000
__Hbank0                   bank0        000000
__Hbank1                   bank1        000000
__Hbank2                   bank2        000000
__Hbank3                   bank3        000000
__Hbank4                   bank4        000000
__Hbank5                   bank5        000000
__Hbigbss                  bigbss       000000
__Hbigdata                 bigdata      000000
__Hbigram                  bigram       000000
__Hbss                     bss          000000
__HbssBANK0                bssBANK0     000000
__HbssBIGRAM               bssBIGRAM    000000
__HbssCOMRAM               bssCOMRAM    000000
__Hcinit                   cinit        000000
__Hclrtext                 clrtext      000000
__Hcomram                  comram       000000
__Hconfig                  config       30000E
__Hconst                   const        000000
__HcstackCOMRAM            cstackCOMRAM 000000
__Hdata                    data         000000
__HdataCOMRAM              dataCOMRAM   000000
__Heeprom_data             eeprom_data  000000
__Hfarbss                  farbss       000000
__Hfardata                 fardata      000000
__Hibigdata                ibigdata     000000
__Hidata                   idata        000000
__HidataCOMRAM             idataCOMRAM  000000
__Hidloc                   idloc        200008
__Hifardata                ifardata     000000
__Hinit                    init         000014
__Hintcode                 intcode      00000C
__Hintcode_body            intcode_body 000000
__Hintcodelo               intcodelo    00000C
__Hintentry                intentry     000000
__Hintret                  intret       000000
__Hintsave_regs            intsave_regs 000000
__Hirdata                  irdata       000000
__Hmediumconst             mediumconst  000000
__HnvFARRAM                nvFARRAM     000000
__Hnvbit                   nvbit        000000
__Hnvrram                  nvrram       000000
__Hparam                   rparam       000000
__Hpowerup                 powerup      00000C
__Hram                     ram          000000
__Hramtop                  ramtop       000600
__Hrbit                    rbit         000000
__Hrbss                    rbss         000000
__Hrdata                   rdata        000000
__Hreset_vec               reset_vec    000004
__Hrparam                  rparam       000000
__Hsfr                     sfr          000000
__Hsmallconst              smallconst   000000
__Hspace_0                 (abs)        30000E
__Hspace_1                 (abs)        0004FA
__Hspace_2                 (abs)        000600
__Hstack                   stack        000600
__Hstruct                  struct       000000
__Htemp                    temp         000067
__Htext                    text         000000
__Htext0                   text0        000000
__Htext1                   text1        000000
__Htext10                  text10       000000
__Htext11                  text11       000000
__Htext12                  text12       000000
__Htext13                  text13       000000
__Htext14                  text14       000000
__Htext15                  text15       000000
__Htext16                  text16       000000
__Htext17                  text17       000000
__Htext18                  text18       000000
__Htext2                   text2        000000
__Htext20                  text20       000000
__Htext21                  text21       000000
__Htext22                  text22       000000
__Htext23                  text23       000000
__Htext24                  text24       000000
__Htext25                  text25       000000
__Htext26                  text26       000000
__Htext3                   text3        000000
__Htext4                   text4        000000
__Htext5                   text5        000000
__Htext6                   text6        000000
__Htext7                   text7        000000
__Htext8                   text8        000000
__Htext9                   text9        000000
__LRAM                     (abs)        000001
__Labs1                    abs1         000000
__Lbank0                   bank0        000000
__Lbank1                   bank1        000000
__Lbank2                   bank2        000000
__Lbank3                   bank3        000000
__Lbank4                   bank4        000000
__Lbank5                   bank5        000000
__Lbigbss                  bigbss       000000
__Lbigdata                 bigdata      000000
__Lbigram                  bigram       000000
__Lbss                     bss          000000
__LbssBANK0                bssBANK0     000000
__LbssBIGRAM               bssBIGRAM    000000
__LbssCOMRAM               bssCOMRAM    000000
__Lcinit                   cinit        000000
__Lclrtext                 clrtext      000000
__Lcomram                  comram       000000
__Lconfig                  config       300000
__Lconst                   const        000000
__LcstackCOMRAM            cstackCOMRAM 000000
__Ldata                    data         000000
__LdataCOMRAM              dataCOMRAM   000000
__Leeprom_data             eeprom_data  000000
__Lfarbss                  farbss       000000
__Lfardata                 fardata      000000
__Libigdata                ibigdata     000000
__Lidata                   idata        000000
__LidataCOMRAM             idataCOMRAM  000000
__Lidloc                   idloc        200000
__Lifardata                ifardata     000000
__Linit                    init         00000C
__Lintcode                 intcode      000008
__Lintcode_body            intcode_body 000000
__Lintcodelo               intcodelo    00000C
__Lintentry                intentry     000000
__Lintret                  intret       000000
__Lintsave_regs            intsave_regs 000000
__Lirdata                  irdata       000000
__Lmediumconst             mediumconst  000000
__LnvFARRAM                nvFARRAM     000000
__Lnvbit                   nvbit        000000
__Lnvrram                  nvrram       000000
__Lparam                   rparam       000000
__Lpowerup                 powerup      00000C
__Lram                     ram          000000
__Lramtop                  ramtop       000600
__Lrbit                    rbit         000000
__Lrbss                    rbss         000000
__Lrdata                   rdata        000000
__Lreset_vec               reset_vec    000000
__Lrparam                  rparam       000000
__Lsfr                     sfr          000000
__Lsmallconst              smallconst   000000
__Lspace_0                 (abs)        000000
__Lspace_1                 (abs)        000000
__Lspace_2                 (abs)        000000
__Lstack                   stack        0004FA
__Lstruct                  struct       000000
__Ltemp                    temp         000047
__Ltext                    text         000000
__Ltext0                   text0        000000
__Ltext1                   text1        000000
__Ltext10                  text10       000000
__Ltext11                  text11       000000
__Ltext12                  text12       000000
__Ltext13                  text13       000000
__Ltext14                  text14       000000
__Ltext15                  text15       000000
__Ltext16                  text16       000000
__Ltext17                  text17       000000
__Ltext18                  text18       000000
__Ltext2                   text2        000000
__Ltext20                  text20       000000
__Ltext21                  text21       000000
__Ltext22                  text22       000000
__Ltext23                  text23       000000
__Ltext24                  text24       000000
__Ltext25                  text25       000000
__Ltext26                  text26       000000
__Ltext3                   text3        000000
__Ltext4                   text4        000000
__Ltext5                   text5        000000
__Ltext6                   text6        000000
__Ltext7                   text7        000000
__Ltext8                   text8        000000
__Ltext9                   text9        000000
__S0                       (abs)        30000E
__S1                       (abs)        0004FA
__S2                       (abs)        000600
___inthi_sp                stack        000552
___intlo_sp                stack        0005A9
___lwmod                   text9        001134
___param_bank              (abs)        000000
___rparam_used             (abs)        000001
___sp                      stack        0004FA
___wmul                    text25       0011F0
__accesstop                (abs)        000080
__activetblptr             (abs)        000002
__div                      text24       0013AA
__end_of_ISR_timer0        intcode_body 000734
__end_of_SRAMInitHeap      text5        001068
__end_of___lwmod           text9        0011F0
__end_of___wmul            text25       001286
__end_of__div              text24       001436
__end_of__initialization   cinit        0016AC
__end_of__mod              text23       001538
__end_of_config_INT0       text11       00178E
__end_of_config_timer0     text10       0017A0
__end_of_delay_decrement   text22       000CD0
__end_of_dispatcher        text6        000BC0
__end_of_dp_update         text20       00175A
__end_of_lunos_createTask  text4        000EC6
__end_of_lunos_delayTask   text14       001668
__end_of_lunos_init        text3        00172A
__end_of_main              text0        0016F8
__end_of_micro_setup       text15       00131A
__end_of_pipe_create       text1        001134
__end_of_round_robin       text8        0013AA
__end_of_scheduler         text7        0017A6
__end_of_sem_init          text2        0015A8
__end_of_sem_post          text18       000DCE
__end_of_sem_wait          text17       000F9A
__end_of_set_number        text21       0014C0
__end_of_task_2heat        text13       00177A
__end_of_task_idle         text12       0017AA
__end_of_task_keyboard     text16       001616
__initialization           cinit        001668
__mediumconst              mediumconst  000000
__mod                      text23       0014C0
__pbssBANK0                bssBANK0     000080
__pbssBIGRAM               bssBIGRAM    0000DA
__pbssCOMRAM               bssCOMRAM    000001
__pcinit                   cinit        001668
__pcstackCOMRAM            cstackCOMRAM 000067
__pdataCOMRAM              dataCOMRAM   000079
__pidataCOMRAM             idataCOMRAM  0017AA
__pintcode                 intcode      000008
__pintcode_body            intcode_body 000014
__ptext0                   text0        0016B6
__ptext1                   text1        001068
__ptext10                  text10       00178E
__ptext11                  text11       00177A
__ptext12                  text12       0017A6
__ptext13                  text13       00175A
__ptext14                  text14       001616
__ptext15                  text15       001286
__ptext16                  text16       0015A8
__ptext17                  text17       000EC6
__ptext18                  text18       000CD0
__ptext2                   text2        001538
__ptext20                  text20       00172A
__ptext21                  text21       001436
__ptext22                  text22       000BC0
__ptext23                  text23       0014C0
__ptext24                  text24       0013AA
__ptext25                  text25       0011F0
__ptext26                  text26       000000
__ptext3                   text3        0016F8
__ptext4                   text4        000DCE
__ptext5                   text5        000F9A
__ptext6                   text6        000734
__ptext7                   text7        0017A0
__ptext8                   text8        00131A
__ptext9                   text9        001134
__ramtop                   ramtop       000600
__size_of_ISR_timer0       (abs)        000000
__size_of_SRAMInitHeap     (abs)        000000
__size_of___lwmod          (abs)        000000
__size_of___wmul           (abs)        000000
__size_of__div             (abs)        000000
__size_of__mod             (abs)        000000
__size_of_config_INT0      (abs)        000000
__size_of_config_timer0    (abs)        000000
__size_of_delay_decrement  (abs)        000000
__size_of_dispatcher       (abs)        000000
__size_of_dp_update        (abs)        000000
__size_of_lunos_createTask (abs)        000000
__size_of_lunos_delayTask  (abs)        000000
__size_of_lunos_init       (abs)        000000
__size_of_main             (abs)        000000
__size_of_micro_setup      (abs)        000000
__size_of_pipe_create      (abs)        000000
__size_of_round_robin      (abs)        000000
__size_of_scheduler        (abs)        000000
__size_of_sem_init         (abs)        000000
__size_of_sem_post         (abs)        000000
__size_of_sem_wait         (abs)        000000
__size_of_set_number       (abs)        000000
__size_of_task_2heat       (abs)        000000
__size_of_task_idle        (abs)        000000
__size_of_task_keyboard    (abs)        000000
__smallconst               smallconst   000000
__uDynamicHeap             bssBIGRAM    0002FA
_config_INT0               text11       00177A
_config_timer0             text10       00178E
_count                     bssCOMRAM    000009
_delay_decrement           text22       000BC0
_dezena                    bssCOMRAM    000005
_dispatcher                text6        000734
_dp_update                 text20       00172A
_indice                    bssCOMRAM    00000D
_lunos_createTask          text4        000DCE
_lunos_delayTask           text14       001616
_lunos_init                text3        0016F8
_main                      text0        0016B6
_micro_setup               text15       001286
_p                         bssBANK0     0000D0
_pipe_create               text1        001068
_pipe_start                bssBANK0     0000C6
_pipe_time                 bssCOMRAM    00003D
_quantum                   dataCOMRAM   000079
_ready_queue               bssBIGRAM    0000DA
_round_robin               text8        00131A
_s_count                   bssCOMRAM    00002F
_s_pipe                    bssBANK0     00009C
_s_pipe_start              bssBANK0     000080
_s_pipe_time               bssBANK0     00008E
_s_started                 bssCOMRAM    000013
_s_time                    bssCOMRAM    000021
_scheduler                 text7        0017A0
_sem_init                  text2        001538
_sem_post                  text18       000CD0
_sem_wait                  text17       000EC6
_set_number                text21       001436
_size                      bssCOMRAM    00000F
_started                   bssCOMRAM    00000B
_task_2heat                text13       00175A
_task_idle                 text12       0017A6
_task_keyboard             text16       0015A8
_teste_1                   bssBANK0     0000B8
_teste_2                   bssBANK0     0000AA
_time                      bssCOMRAM    000007
_timer_index               bssCOMRAM    000001
_unidade                   bssCOMRAM    000003
_who                       bssCOMRAM    000011
btemp                      temp         000047
end_of_initialization      cinit        0016AC
int_func                   intcode_body 000014
intlevel0                  text         000000
intlevel1                  text         000000
intlevel2                  text         000000
intlevel3                  text         000000
lltemp0                    temp         000047
lltemp1                    temp         00004F
lltemp2                    temp         000057
lltemp3                    temp         00005F
ltemp0                     temp         000047
ltemp1                     temp         00004B
ltemp2                     temp         00004F
stackhi                    (abs)        0005FF
stacklo                    (abs)        0004FA
start                      init         00000C
start_initialization       cinit        001668
ttemp0                     temp         000047
ttemp1                     temp         00004A
ttemp2                     temp         00004D
ttemp3                     temp         000050
ttemp5                     temp         000048
ttemp6                     temp         00004B
ttemp7                     temp         00004F
wtemp0                     temp         000047
wtemp1                     temp         000049
wtemp2                     temp         00004B
wtemp3                     temp         00004D
wtemp4                     temp         00004F
wtemp5                     temp         000051
wtemp8                     temp         000048


FUNCTION INFORMATION:

 *************** function _main *****************
 Defined at:
		line 18 in file "main.c"
 Parameters:    Size  Location     Type
		None
 Auto vars:     Size  Location     Type
		None
 Return value:  Size  Location     Type
                  1  [STACK] void 
 Registers used:
		wreg, fsr0l, fsr0h, fsr1l, fsr1h, fsr2l, fsr2h, status,2, status,0, btemp, btemp+1, btemp+6, btemp+7, btemp+8, btemp+9, btemp+10, btemp+11, prodl, prodh
 Tracked objects:
		On entry : 
		On exit  : 
		Unchanged: 
 Data sizes:     COMRAM   BANK0   BANK1   BANK2   BANK3   BANK4   BANK5
      Params:         0       0       0       0       0       0       0
      Locals:         0       0       0       0       0       0       0
      Temps:          0       0       0       0       0       0       0
      Totals:         0       0       0       0       0       0       0
Total ram usage:        0 bytes
 Hardware stack levels required when called:   16
 This function calls:
		_config_INT0
		_config_timer0
		_dispatcher
		_lunos_createTask
		_lunos_init
		_micro_setup
 This function is called by:
		Startup code after reset
 This function uses a reentrant model


 *************** function _pipe_create *****************
 Defined at:
		line 9 in file "pipe.c"
 Parameters:    Size  Location     Type
  p               2  [STACK] PTR struct pipe
		 -> pipe_start(10), pipe_time(10), p(10), 
  s               2  [STACK] PTR struct semaphore
		 -> s_pipe_start(14), s_pipe_time(14), s_pipe(14), 
 Auto vars:     Size  Location     Type
		None
 Return value:  Size  Location     Type
                  1  [STACK] void 
 Registers used:
		wreg, fsr0l, fsr0h, fsr1l, fsr1h, fsr2l, fsr2h, status,2, status,0, btemp+10, btemp+11
 Tracked objects:
		On entry : 
		On exit  : 
		Unchanged: 
 Data sizes:     COMRAM   BANK0   BANK1   BANK2   BANK3   BANK4   BANK5
      Params:         0       0       0       0       0       0       0
      Locals:         0       0       0       0       0       0       0
      Temps:          0       0       0       0       0       0       0
      Totals:         0       0       0       0       0       0       0
Total ram usage:        0 bytes
 Hardware stack levels used:    1
 Hardware stack levels required when called:   13
 This function calls:
		_sem_init
 This function is called by:
		_micro_setup
 This function uses a reentrant model


 *************** function _sem_init *****************
 Defined at:
		line 10 in file "semaphore.c"
 Parameters:    Size  Location     Type
  s               2  [STACK] PTR struct semaphore
		 -> s_pipe_start(14), s_pipe_time(14), s_pipe(14), teste_2(14), 
		 -> teste_1(14), s_time(14), s_count(14), s_started(14), 
  valor           2  [STACK] int 
 Auto vars:     Size  Location     Type
		None
 Return value:  Size  Location     Type
                  1  [STACK] void 
 Registers used:
		wreg, fsr0l, fsr0h, fsr1l, fsr1h, fsr2l, fsr2h, status,2, status,0, btemp+10, btemp+11
 Tracked objects:
		On entry : 
		On exit  : 
		Unchanged: 
 Data sizes:     COMRAM   BANK0   BANK1   BANK2   BANK3   BANK4   BANK5
      Params:         0       0       0       0       0       0       0
      Locals:         0       0       0       0       0       0       0
      Temps:          0       0       0       0       0       0       0
      Totals:         0       0       0       0       0       0       0
Total ram usage:        0 bytes
 Hardware stack levels used:    1
 Hardware stack levels required when called:   12
 This function calls:
		Nothing
 This function is called by:
		_pipe_create
		_micro_setup
 This function uses a reentrant model


 *************** function _lunos_init *****************
 Defined at:
		line 50 in file "kernel.c"
 Parameters:    Size  Location     Type
		None
 Auto vars:     Size  Location     Type
		None
 Return value:  Size  Location     Type
                  1  [STACK] void 
 Registers used:
		wreg, fsr0l, fsr0h, fsr1l, fsr1h, fsr2l, fsr2h, status,2, status,0, btemp, btemp+8, btemp+9, btemp+10, btemp+11, prodl, prodh
 Tracked objects:
		On entry : 
		On exit  : 
		Unchanged: 
 Data sizes:     COMRAM   BANK0   BANK1   BANK2   BANK3   BANK4   BANK5
      Params:         0       0       0       0       0       0       0
      Locals:         0       0       0       0       0       0       0
      Temps:          0       0       0       0       0       0       0
      Totals:         0       0       0       0       0       0       0
Total ram usage:        0 bytes
 Hardware stack levels used:    1
 Hardware stack levels required when called:   13
 This function calls:
		_SRAMInitHeap
		_lunos_createTask
 This function is called by:
		_main
 This function uses a reentrant model


 *************** function _lunos_createTask *****************
 Defined at:
		line 14 in file "kernel.c"
 Parameters:    Size  Location     Type
  prior           2  [STACK] unsigned int 
  f               2  [STACK] PTR FTN()void 
		 -> task_2heat(1), task_keyboard(1), task_idle(1), 
 Auto vars:     Size  Location     Type
  new_task      108  [STACK] struct pcb
 Return value:  Size  Location     Type
                  1  [STACK] void 
 Registers used:
		wreg, fsr0l, fsr0h, fsr1l, fsr1h, fsr2l, fsr2h, status,2, status,0, btemp+8, btemp+9, btemp+10, btemp+11, prodl, prodh
 Tracked objects:
		On entry : 
		On exit  : 
		Unchanged: 
 Data sizes:     COMRAM   BANK0   BANK1   BANK2   BANK3   BANK4   BANK5
      Params:         0       0       0       0       0       0       0
      Locals:         0       0       0       0       0       0       0
      Temps:          0       0       0       0       0       0       0
      Totals:         0       0       0       0       0       0       0
Total ram usage:        0 bytes
 Hardware stack levels used:    1
 Hardware stack levels required when called:   12
 This function calls:
		Nothing
 This function is called by:
		_lunos_init
		_main
 This function uses a reentrant model


 *************** function _SRAMInitHeap *****************
 Defined at:
		line 313 in file "sralloc.c"
 Parameters:    Size  Location     Type
		None
 Auto vars:     Size  Location     Type
  count           2  [STACK] unsigned int 
  pHeap           2  [STACK] PTR unsigned char 
		 -> _uDynamicHeap(512), 
 Return value:  Size  Location     Type
                  1  [STACK] void 
 Registers used:
		wreg, fsr1l, fsr1h, fsr2l, fsr2h, status,2, status,0, btemp, btemp+8, btemp+9, btemp+10, btemp+11
 Tracked objects:
		On entry : 
		On exit  : 
		Unchanged: 
 Data sizes:     COMRAM   BANK0   BANK1   BANK2   BANK3   BANK4   BANK5
      Params:         0       0       0       0       0       0       0
      Locals:         0       0       0       0       0       0       0
      Temps:          0       0       0       0       0       0       0
      Totals:         0       0       0       0       0       0       0
Total ram usage:        0 bytes
 Hardware stack levels used:    1
 Hardware stack levels required when called:   12
 This function calls:
		Nothing
 This function is called by:
		_lunos_init
 This function uses a reentrant model


 *************** function _dispatcher *****************
 Defined at:
		line 65 in file "kernel.c"
 Parameters:    Size  Location     Type
  state           1  [STACK] enum E4
 Auto vars:     Size  Location     Type
		None
 Return value:  Size  Location     Type
                  1  [STACK] void 
 Registers used:
		wreg, fsr1l, fsr1h, fsr2l, fsr2h, status,2, status,0, btemp, btemp+1, btemp+6, btemp+7, btemp+8, btemp+9, btemp+10, btemp+11, prodl, prodh
 Tracked objects:
		On entry : 
		On exit  : 
		Unchanged: 
 Data sizes:     COMRAM   BANK0   BANK1   BANK2   BANK3   BANK4   BANK5
      Params:         0       0       0       0       0       0       0
      Locals:         0       0       0       0       0       0       0
      Temps:          0       0       0       0       0       0       0
      Totals:         0       0       0       0       0       0       0
Total ram usage:        0 bytes
 Hardware stack levels used:    1
 Hardware stack levels required when called:   15
 This function calls:
		_scheduler
 This function is called by:
		_lunos_delayTask
		_main
		_sem_wait
		_sem_post
 This function uses a reentrant model


 *************** function _scheduler *****************
 Defined at:
		line 57 in file "kernel.c"
 Parameters:    Size  Location     Type
		None
 Auto vars:     Size  Location     Type
		None
 Return value:  Size  Location     Type
                  2  [STACK] unsigned int 
 Registers used:
		wreg, fsr1l, fsr1h, fsr2l, fsr2h, status,2, status,0, btemp, btemp+1, btemp+8, btemp+9, btemp+10, btemp+11, prodl, prodh
 Tracked objects:
		On entry : 
		On exit  : 
		Unchanged: 
 Data sizes:     COMRAM   BANK0   BANK1   BANK2   BANK3   BANK4   BANK5
      Params:         0       0       0       0       0       0       0
      Locals:         0       0       0       0       0       0       0
      Temps:          0       0       0       0       0       0       0
      Totals:         0       0       0       0       0       0       0
Total ram usage:        0 bytes
 Hardware stack levels used:    1
 Hardware stack levels required when called:   14
 This function calls:
		_round_robin
 This function is called by:
		_dispatcher
 This function uses a reentrant model


 *************** function _round_robin *****************
 Defined at:
		line 77 in file "kernel.c"
 Parameters:    Size  Location     Type
		None
 Auto vars:     Size  Location     Type
  next_task_to    2  [STACK] int 
 Return value:  Size  Location     Type
                  2  [STACK] unsigned int 
 Registers used:
		wreg, fsr1l, fsr1h, fsr2l, fsr2h, status,2, status,0, btemp, btemp+1, btemp+8, btemp+9, btemp+10, btemp+11, prodl, prodh
 Tracked objects:
		On entry : 
		On exit  : 
		Unchanged: 
 Data sizes:     COMRAM   BANK0   BANK1   BANK2   BANK3   BANK4   BANK5
      Params:         0       0       0       0       0       0       0
      Locals:         0       0       0       0       0       0       0
      Temps:          0       0       0       0       0       0       0
      Totals:         0       0       0       0       0       0       0
Total ram usage:        0 bytes
 Hardware stack levels used:    1
 Hardware stack levels required when called:   13
 This function calls:
		___lwmod
 This function is called by:
		_ISR_timer0
		_scheduler
 This function uses a reentrant model


 *************** function ___lwmod *****************
 Defined at:
		line 7 in file "C:\Program Files (x86)\Microchip\xc8\v2.05\pic\sources\c99\common\lwmod.c"
 Parameters:    Size  Location     Type
  dividend        2  [STACK] unsigned int 
  divisor         2  [STACK] unsigned int 
 Auto vars:     Size  Location     Type
  counter         1  [STACK] unsigned char 
 Return value:  Size  Location     Type
                  2  [STACK] unsigned int 
 Registers used:
		wreg, fsr1l, fsr1h, status,2, status,0, btemp, btemp+1, btemp+8, btemp+9, btemp+10, btemp+11, prodl
 Tracked objects:
		On entry : 
		On exit  : 
		Unchanged: 
 Data sizes:     COMRAM   BANK0   BANK1   BANK2   BANK3   BANK4   BANK5
      Params:         0       0       0       0       0       0       0
      Locals:         0       0       0       0       0       0       0
      Temps:          0       0       0       0       0       0       0
      Totals:         0       0       0       0       0       0       0
Total ram usage:        0 bytes
 Hardware stack levels used:    1
 Hardware stack levels required when called:   12
 This function calls:
		Nothing
 This function is called by:
		_round_robin
 This function uses a reentrant model


 *************** function _config_timer0 *****************
 Defined at:
		line 30 in file "int0_test.c"
 Parameters:    Size  Location     Type
		None
 Auto vars:     Size  Location     Type
		None
 Return value:  Size  Location     Type
                  1  [STACK] void 
 Registers used:
		wreg, status,2
 Tracked objects:
		On entry : 
		On exit  : 
		Unchanged: 
 Data sizes:     COMRAM   BANK0   BANK1   BANK2   BANK3   BANK4   BANK5
      Params:         0       0       0       0       0       0       0
      Locals:         0       0       0       0       0       0       0
      Temps:          0       0       0       0       0       0       0
      Totals:         0       0       0       0       0       0       0
Total ram usage:        0 bytes
 Hardware stack levels used:    1
 Hardware stack levels required when called:   12
 This function calls:
		Nothing
 This function is called by:
		_main
 This function uses a reentrant model


 *************** function _config_INT0 *****************
 Defined at:
		line 15 in file "int0_test.c"
 Parameters:    Size  Location     Type
		None
 Auto vars:     Size  Location     Type
		None
 Return value:  Size  Location     Type
                  1  [STACK] void 
 Registers used:
		None
 Tracked objects:
		On entry : 
		On exit  : 
		Unchanged: 
 Data sizes:     COMRAM   BANK0   BANK1   BANK2   BANK3   BANK4   BANK5
      Params:         0       0       0       0       0       0       0
      Locals:         0       0       0       0       0       0       0
      Temps:          0       0       0       0       0       0       0
      Totals:         0       0       0       0       0       0       0
Total ram usage:        0 bytes
 Hardware stack levels used:    1
 Hardware stack levels required when called:   12
 This function calls:
		Nothing
 This function is called by:
		_main
 This function uses a reentrant model


 *************** function _task_idle *****************
 Defined at:
		line 116 in file "kernel.c"
 Parameters:    Size  Location     Type
		None
 Auto vars:     Size  Location     Type
		None
 Return value:  Size  Location     Type
                  1  [STACK] void 
 Registers used:
		None
 Tracked objects:
		On entry : 
		On exit  : 
		Unchanged: 
 Data sizes:     COMRAM   BANK0   BANK1   BANK2   BANK3   BANK4   BANK5
      Params:         0       0       0       0       0       0       0
      Locals:         0       0       0       0       0       0       0
      Temps:          0       0       0       0       0       0       0
      Totals:         0       0       0       0       0       0       0
Total ram usage:        0 bytes
 Hardware stack levels used:    1
 Hardware stack levels required when called:    6
 This function calls:
		Nothing
 This function is called by:
		_lunos_init
 This function uses a reentrant model


 *************** function _task_2heat *****************
 Defined at:
		line 56 in file "car.c"
 Parameters:    Size  Location     Type
		None
 Auto vars:     Size  Location     Type
		None
 Return value:  Size  Location     Type
                  1  [STACK] void 
 Registers used:
		wreg, fsr0l, fsr0h, fsr1l, fsr1h, fsr2l, fsr2h, status,2, status,0, btemp, btemp+1, btemp+6, btemp+7, btemp+8, btemp+9, btemp+10, btemp+11, prodl, prodh
 Tracked objects:
		On entry : 
		On exit  : 
		Unchanged: 
 Data sizes:     COMRAM   BANK0   BANK1   BANK2   BANK3   BANK4   BANK5
      Params:         0       0       0       0       0       0       0
      Locals:         0       0       0       0       0       0       0
      Temps:          0       0       0       0       0       0       0
      Totals:         0       0       0       0       0       0       0
Total ram usage:        0 bytes
 Hardware stack levels used:    1
 Hardware stack levels required when called:   11
 This function calls:
		_lunos_delayTask
 This function is called by:
		_main
 This function uses a reentrant model


 *************** function _lunos_delayTask *****************
 Defined at:
		line 30 in file "kernel.c"
 Parameters:    Size  Location     Type
  time            2  [STACK] unsigned int 
 Auto vars:     Size  Location     Type
		None
 Return value:  Size  Location     Type
                  1  [STACK] void 
 Registers used:
		wreg, fsr0l, fsr0h, fsr1l, fsr1h, fsr2l, fsr2h, status,2, status,0, btemp, btemp+1, btemp+6, btemp+7, btemp+8, btemp+9, btemp+10, btemp+11, prodl, prodh
 Tracked objects:
		On entry : 
		On exit  : 
		Unchanged: 
 Data sizes:     COMRAM   BANK0   BANK1   BANK2   BANK3   BANK4   BANK5
      Params:         0       0       0       0       0       0       0
      Locals:         0       0       0       0       0       0       0
      Temps:          0       0       0       0       0       0       0
      Totals:         0       0       0       0       0       0       0
Total ram usage:        0 bytes
 Hardware stack levels used:    1
 Hardware stack levels required when called:   10
 This function calls:
		_dispatcher
 This function is called by:
		_task_keyboard
		_task_2heat
 This function uses a reentrant model


 *************** function _micro_setup *****************
 Defined at:
		line 17 in file "car.c"
 Parameters:    Size  Location     Type
		None
 Auto vars:     Size  Location     Type
		None
 Return value:  Size  Location     Type
                  1  [STACK] void 
 Registers used:
		wreg, fsr0l, fsr0h, fsr1l, fsr1h, fsr2l, fsr2h, status,2, status,0, btemp+10, btemp+11
 Tracked objects:
		On entry : 
		On exit  : 
		Unchanged: 
 Data sizes:     COMRAM   BANK0   BANK1   BANK2   BANK3   BANK4   BANK5
      Params:         0       0       0       0       0       0       0
      Locals:         0       0       0       0       0       0       0
      Temps:          0       0       0       0       0       0       0
      Totals:         0       0       0       0       0       0       0
Total ram usage:        0 bytes
 Hardware stack levels used:    1
 Hardware stack levels required when called:   14
 This function calls:
		_pipe_create
		_sem_init
 This function is called by:
		_main
 This function uses a reentrant model


 *************** function _task_keyboard *****************
 Defined at:
		line 33 in file "car.c"
 Parameters:    Size  Location     Type
		None
 Auto vars:     Size  Location     Type
		None
 Return value:  Size  Location     Type
                  1  [STACK] void 
 Registers used:
		wreg, fsr0l, fsr0h, fsr1l, fsr1h, fsr2l, fsr2h, status,2, status,0, btemp, btemp+1, btemp+6, btemp+7, btemp+8, btemp+9, btemp+10, btemp+11, prodl, prodh
 Tracked objects:
		On entry : 
		On exit  : 
		Unchanged: 
 Data sizes:     COMRAM   BANK0   BANK1   BANK2   BANK3   BANK4   BANK5
      Params:         0       0       0       0       0       0       0
      Locals:         0       0       0       0       0       0       0
      Temps:          0       0       0       0       0       0       0
      Totals:         0       0       0       0       0       0       0
Total ram usage:        0 bytes
 Hardware stack levels used:    1
 Hardware stack levels required when called:   11
 This function calls:
		_lunos_delayTask
		_sem_post
		_sem_wait
 This function is called by:
		_main
 This function uses a reentrant model


 *************** function _sem_wait *****************
 Defined at:
		line 20 in file "semaphore.c"
 Parameters:    Size  Location     Type
  s               2  [STACK] PTR struct semaphore
		 -> s_pipe_start(14), s_pipe_time(14), s_pipe(14), teste_2(14), 
		 -> teste_1(14), s_time(14), s_count(14), s_started(14), 
 Auto vars:     Size  Location     Type
		None
 Return value:  Size  Location     Type
                  1  [STACK] void 
 Registers used:
		wreg, fsr0l, fsr0h, fsr1l, fsr1h, fsr2l, fsr2h, status,2, status,0, btemp, btemp+1, btemp+6, btemp+7, btemp+8, btemp+9, btemp+10, btemp+11, prodl, prodh
 Tracked objects:
		On entry : 
		On exit  : 
		Unchanged: 
 Data sizes:     COMRAM   BANK0   BANK1   BANK2   BANK3   BANK4   BANK5
      Params:         0       0       0       0       0       0       0
      Locals:         0       0       0       0       0       0       0
      Temps:          0       0       0       0       0       0       0
      Totals:         0       0       0       0       0       0       0
Total ram usage:        0 bytes
 Hardware stack levels used:    1
 Hardware stack levels required when called:   10
 This function calls:
		_dispatcher
 This function is called by:
		_ISR_timer0
		_task_keyboard
 This function uses a reentrant model


 *************** function _sem_post *****************
 Defined at:
		line 33 in file "semaphore.c"
 Parameters:    Size  Location     Type
  s               2  [STACK] PTR struct semaphore
		 -> s_pipe_start(14), s_pipe_time(14), s_pipe(14), teste_2(14), 
		 -> teste_1(14), s_time(14), s_count(14), s_started(14), 
 Auto vars:     Size  Location     Type
		None
 Return value:  Size  Location     Type
                  1  [STACK] void 
 Registers used:
		wreg, fsr1l, fsr1h, fsr2l, fsr2h, status,2, status,0, btemp, btemp+1, btemp+6, btemp+7, btemp+8, btemp+9, btemp+10, btemp+11, prodl, prodh
 Tracked objects:
		On entry : 
		On exit  : 
		Unchanged: 
 Data sizes:     COMRAM   BANK0   BANK1   BANK2   BANK3   BANK4   BANK5
      Params:         0       0       0       0       0       0       0
      Locals:         0       0       0       0       0       0       0
      Temps:          0       0       0       0       0       0       0
      Totals:         0       0       0       0       0       0       0
Total ram usage:        0 bytes
 Hardware stack levels used:    1
 Hardware stack levels required when called:   10
 This function calls:
		_dispatcher
 This function is called by:
		_ISR_timer0
		_task_keyboard
 This function uses a reentrant model


 *************** function _ISR_timer0 *****************
 Defined at:
		line 64 in file "int0_test.c"
 Parameters:    Size  Location     Type
		None
 Auto vars:     Size  Location     Type
		None
 Return value:  Size  Location     Type
                  1    wreg      void 
 Registers used:
		wreg, fsr0l, fsr0h, fsr1l, fsr1h, fsr2l, fsr2h, status,2, status,0, btemp, btemp+1, btemp+6, btemp+7, btemp+8, btemp+9, btemp+10, btemp+11, prodl, prodh
 Tracked objects:
		On entry : 
		On exit  : 
		Unchanged: 
 Data sizes:     COMRAM   BANK0   BANK1   BANK2   BANK3   BANK4   BANK5
      Params:         0       0       0       0       0       0       0
      Locals:         0       0       0       0       0       0       0
      Temps:         18       0       0       0       0       0       0
      Totals:        18       0       0       0       0       0       0
Total ram usage:       18 bytes
 Hardware stack levels used:    1
 Hardware stack levels required when called:    5
 This function calls:
		___wmul
		__div
		__mod
		_delay_decrement
		_dp_update
		_round_robin
		_sem_post
		_sem_wait
 This function is called by:
		Interrupt level 2
 This function uses a non-reentrant model


 *************** function _dp_update *****************
 Defined at:
		line 7 in file "display7.c"
 Parameters:    Size  Location     Type
		None
 Auto vars:     Size  Location     Type
		None
 Return value:  Size  Location     Type
                  1  [STACK] void 
 Registers used:
		wreg, fsr1l, fsr1h, status,2, status,0, btemp+10, btemp+11
 Tracked objects:
		On entry : 
		On exit  : 
		Unchanged: 
 Data sizes:     COMRAM   BANK0   BANK1   BANK2   BANK3   BANK4   BANK5
      Params:         0       0       0       0       0       0       0
      Locals:         0       0       0       0       0       0       0
      Temps:          0       0       0       0       0       0       0
      Totals:         0       0       0       0       0       0       0
Total ram usage:        0 bytes
 Hardware stack levels used:    1
 Hardware stack levels required when called:    1
 This function calls:
		_set_number
 This function is called by:
		_ISR_timer0
 This function uses a reentrant model


 *************** function _set_number *****************
 Defined at:
		line 26 in file "display7.c"
 Parameters:    Size  Location     Type
  a               2  [STACK] int 
 Auto vars:     Size  Location     Type
		None
 Return value:  Size  Location     Type
                  1  [STACK] void 
 Registers used:
		wreg, fsr1l, fsr1h, status,2, status,0, btemp+10, btemp+11
 Tracked objects:
		On entry : 
		On exit  : 
		Unchanged: 
 Data sizes:     COMRAM   BANK0   BANK1   BANK2   BANK3   BANK4   BANK5
      Params:         0       0       0       0       0       0       0
      Locals:         0       0       0       0       0       0       0
      Temps:          0       0       0       0       0       0       0
      Totals:         0       0       0       0       0       0       0
Total ram usage:        0 bytes
 Hardware stack levels used:    1
 This function calls:
		Nothing
 This function is called by:
		_dp_update
 This function uses a reentrant model


 *************** function _delay_decrement *****************
 Defined at:
		line 100 in file "kernel.c"
 Parameters:    Size  Location     Type
		None
 Auto vars:     Size  Location     Type
  i               2  [STACK] int 
 Return value:  Size  Location     Type
                  1  [STACK] void 
 Registers used:
		wreg, fsr1l, fsr1h, fsr2l, fsr2h, status,2, status,0, btemp, btemp+8, btemp+9, btemp+10, btemp+11, prodl, prodh
 Tracked objects:
		On entry : 
		On exit  : 
		Unchanged: 
 Data sizes:     COMRAM   BANK0   BANK1   BANK2   BANK3   BANK4   BANK5
      Params:         0       0       0       0       0       0       0
      Locals:         0       0       0       0       0       0       0
      Temps:          0       0       0       0       0       0       0
      Totals:         0       0       0       0       0       0       0
Total ram usage:        0 bytes
 Hardware stack levels used:    1
 This function calls:
		Nothing
 This function is called by:
		_ISR_timer0
 This function uses a reentrant model


 *************** function __mod *****************
 Defined at:
		line 146 in file "car.c"
 Parameters:    Size  Location     Type
  number          2  [STACK] int 
  div             2  [STACK] int 
 Auto vars:     Size  Location     Type
  result          2  [STACK] int 
 Return value:  Size  Location     Type
                  2  [STACK] int 
 Registers used:
		wreg, fsr1l, fsr1h, fsr2l, fsr2h, status,2, status,0, btemp, btemp+1
 Tracked objects:
		On entry : 
		On exit  : 
		Unchanged: 
 Data sizes:     COMRAM   BANK0   BANK1   BANK2   BANK3   BANK4   BANK5
      Params:         0       0       0       0       0       0       0
      Locals:         0       0       0       0       0       0       0
      Temps:          0       0       0       0       0       0       0
      Totals:         0       0       0       0       0       0       0
Total ram usage:        0 bytes
 Hardware stack levels used:    1
 This function calls:
		Nothing
 This function is called by:
		_ISR_timer0
 This function uses a reentrant model


 *************** function __div *****************
 Defined at:
		line 154 in file "car.c"
 Parameters:    Size  Location     Type
  number          2  [STACK] int 
  div             2  [STACK] int 
 Auto vars:     Size  Location     Type
  result          2  [STACK] int 
 Return value:  Size  Location     Type
                  2  [STACK] int 
 Registers used:
		wreg, fsr1l, fsr1h, fsr2l, fsr2h, status,2, status,0, btemp, btemp+1
 Tracked objects:
		On entry : 
		On exit  : 
		Unchanged: 
 Data sizes:     COMRAM   BANK0   BANK1   BANK2   BANK3   BANK4   BANK5
      Params:         0       0       0       0       0       0       0
      Locals:         0       0       0       0       0       0       0
      Temps:          0       0       0       0       0       0       0
      Totals:         0       0       0       0       0       0       0
Total ram usage:        0 bytes
 Hardware stack levels used:    1
 This function calls:
		Nothing
 This function is called by:
		_ISR_timer0
 This function uses a reentrant model


 *************** function ___wmul *****************
 Defined at:
		line 15 in file "C:\Program Files (x86)\Microchip\xc8\v2.05\pic\sources\c99\common\Umul16.c"
 Parameters:    Size  Location     Type
  multiplier      2  [STACK] unsigned int 
  multiplicand    2  [STACK] unsigned int 
 Auto vars:     Size  Location     Type
  product         2  [STACK] unsigned int 
 Return value:  Size  Location     Type
                  2  [STACK] unsigned int 
 Registers used:
		wreg, fsr1l, fsr1h, fsr2l, fsr2h, status,2, status,0, btemp, btemp+1, btemp+11, prodl, prodh
 Tracked objects:
		On entry : 
		On exit  : 
		Unchanged: 
 Data sizes:     COMRAM   BANK0   BANK1   BANK2   BANK3   BANK4   BANK5
      Params:         0       0       0       0       0       0       0
      Locals:         0       0       0       0       0       0       0
      Temps:          0       0       0       0       0       0       0
      Totals:         0       0       0       0       0       0       0
Total ram usage:        0 bytes
 Hardware stack levels used:    1
 This function calls:
		Nothing
 This function is called by:
		_ISR_timer0
 This function uses a reentrant model



MODULE INFORMATION

Module		Function		Class		Link	Load	Size
semaphore.c
		_sem_wait      		CODE           	0EC6	0000	213
		_sem_init      		CODE           	1538	0000	113
		_sem_post      		CODE           	0CD0	0000	255

semaphore.c estimated size: 581

C:\Program Files (x86)\Microchip\xc8\v2.05\pic\sources\c99\common\lwmod.c
		___lwmod       		CODE           	1134	0000	189

C:\Program Files (x86)\Microchip\xc8\v2.05\pic\sources\c99\common\lwmod.c estimated size: 189

sralloc.c
		_SRAMInitHeap  		CODE           	0F9A	0000	207

sralloc.c estimated size: 207

int0_test.c
		_ISR_timer0    		CODE           	0008	0000	1829
		_config_INT0   		CODE           	177A	0000	21
		_config_timer0 		CODE           	178E	0000	19

int0_test.c estimated size: 1869

display7.c
		_dp_update     		CODE           	172A	0000	49
		_set_number    		CODE           	1436	0000	139

display7.c estimated size: 188

car.c
		_task_keyboard 		CODE           	15A8	0000	111
		_micro_setup   		CODE           	1286	0000	149
		_task_2heat    		CODE           	175A	0000	33
		__mod          		CODE           	14C0	0000	121
		__div          		CODE           	13AA	0000	141

car.c estimated size: 555

kernel.c
		_delay_decrement		CODE           	0BC0	0000	273
		_scheduler     		CODE           	17A0	0000	7
		_round_robin   		CODE           	131A	0000	145
		_dispatcher    		CODE           	0734	0000	1165
		_lunos_createTask		CODE           	0DCE	0000	249
		_lunos_init    		CODE           	16F8	0000	51
		_task_idle     		CODE           	17A6	0000	5
		_lunos_delayTask		CODE           	1616	0000	83

kernel.c estimated size: 1978

shared
		__initialization		CODE           	1668	0000	69

shared estimated size: 69

C:\Program Files (x86)\Microchip\xc8\v2.05\pic\sources\c99\common\Umul16.c
		___wmul        		CODE           	11F0	0000	151

C:\Program Files (x86)\Microchip\xc8\v2.05\pic\sources\c99\common\Umul16.c estimated size: 151

pipe.c
		_pipe_create   		CODE           	1068	0000	205

pipe.c estimated size: 205

main.c
		_main          		CODE           	16B6	0000	67

main.c estimated size: 67

